<html>
<body>
<pre>
<h1>礦ision Build Log</h1>
<h2>Tool Versions:</h2>
IDE-Version: μVision V5.29.0.0
Copyright (C) 2019 ARM Ltd and ARM Germany GmbH. All rights reserved.
License Information: xi ma, null, LIC=NQQMA-1FZTR-LQM0Q-NSN2X-EGB9M-A879W
 
Tool Versions:
Toolchain:       MDK-ARM Plus  Version: 5.29.0.0
Toolchain Path:  D:\software\keilMDK\ARM\ARMCC\Bin
C Compiler:      Armcc.exe V5.06 update 6 (build 750)
Assembler:       Armasm.exe V5.06 update 6 (build 750)
Linker/Locator:  ArmLink.exe V5.06 update 6 (build 750)
Library Manager: ArmAr.exe V5.06 update 6 (build 750)
Hex Converter:   FromElf.exe V5.06 update 6 (build 750)
CPU DLL:         SARMCM3.DLL V5.29.0.0
Dialog DLL:      DCM.DLL V1.17.3.0
Target DLL:      Segger\JL2CM3.dll V2.99.36.0
Dialog DLL:      TCM.DLL V1.36.5.0
 
<h2>Project:</h2>
F:\keil-project\正点原子MiniFly V1.3飞控源码\Firmware_F411 V1.3\USER\Firmware_F411.uvprojx
Project File Date:  05/30/2020

<h2>Output:</h2>
*** Using Compiler 'V5.06 update 6 (build 750)', folder: 'D:\software\keilMDK\ARM\ARMCC\Bin'
Build target 'Firmware'
compiling sys.c...
compiling usart.c...
compiling system_stm32f4xx.c...
compiling ak8963.c...
compiling main.c...
compiling config_param.c...
compiling delay.c...
compiling led.c...
compiling exti.c...
compiling motors.c...
compiling i2cdev.c...
compiling module_detect.c...
compiling bmp280.c...
compiling i2c_drv.c...
compiling nvic.c...
compiling uart1.c...
compiling stmflash.c...
compiling uart_syslink.c...
compiling watchdog.c...
compiling system.c...
compiling mpu6500.c...
compiling ws2812.c...
compiling vl53lxx_i2c.c...
compiling spl06.c...
compiling spi.c...
compiling vl53l0x.c...
compiling wifi_ctrl.c...
compiling ledring12.c...
compiling vl53l1x.c...
compiling module_mgt.c...
compiling vl53lxx.c...
compiling vl53l1_api_calibration.c...
compiling vl53l1_api.c...
compiling optical_flow.c...
compiling vl53l1_api_debug.c...
compiling vl53l1_api_core.c...
compiling vl53l1_api_preset_modes.c...
compiling vl53l1_core_support.c...
compiling vl53l1_api_strings.c...
compiling vl53l1_error_strings.c...
compiling vl53l1_silicon_core.c...
compiling vl53l1_register_funcs.c...
assembling startup_stm32f411xe.s...
compiling vl53l1_core.c...
compiling misc.c...
compiling stm32f4xx_dbgmcu.c...
compiling stm32f4xx_adc.c...
compiling stm32f4xx_exti.c...
compiling stm32f4xx_flash.c...
compiling stm32f4xx_dma.c...
compiling vl53l1_wait.c...
compiling stm32f4xx_gpio.c...
compiling stm32f4xx_iwdg.c...
compiling stm32f4xx_i2c.c...
compiling stm32f4xx_usart.c...
compiling stm32f4xx_spi.c...
compiling stm32f4xx_rcc.c...
compiling stm32f4xx_tim.c...
compiling stm32f4xx_syscfg.c...
compiling arm_mean_f32.c...
compiling arm_cos_f32.c...
compiling arm_mat_mult_f32.c...
compiling arm_const_structs.c...
compiling arm_mat_trans_f32.c...
compiling arm_common_tables.c...
compiling arm_sin_f32.c...
compiling list.c...
compiling heap_4.c...
compiling port.c...
compiling queue.c...
compiling timers.c...
compiling tasks.c...
compiling usbd_ioreq.c...
compiling usb_dcd.c...
compiling usbd_core.c...
compiling usbd_cdc_core.c...
compiling usbd_req.c...
compiling usb_dcd_int.c...
compiling usb_core.c...
compiling usb_bsp.c...
compiling comm.c...
compiling usbd_desc.c...
compiling usbd_usr.c...
compiling usbd_cdc_vcp.c...
compiling commander.c...
compiling atkp.c...
compiling ledseq.c...
compiling console.c...
compiling radiolink.c...
compiling pm.c...
compiling usblink.c...
compiling anomal_detec.c...
compiling remoter_ctrl.c...
compiling pid.c...
compiling attitude_pid.c...
compiling position_pid.c...
compiling flip.c...
compiling power_control.c...
compiling sensfusion6.c...
compiling sensors.c...
compiling filter.c...
compiling debug_assert.c...
compiling state_control.c...
compiling freeRTOSdebug.c...
compiling filter2.c...
compiling state_estimator.c...
compiling stabilizer.c...
compiling maths.c...
linking...
Program Size: Code=99784 RO-data=1256 RW-data=1880 ZI-data=44568  
FromELF: creating hex file...
"..\OBJ\Firmware_F411.axf" - 0 Error(s), 0 Warning(s).

<h2>Software Packages used:</h2>

Package Vendor: Keil
                http://www.keil.com/pack/Keil.STM32F4xx_DFP.2.9.0.pack
                Keil.STM32F4xx_DFP.2.9.0
                STMicroelectronics STM32F4 Series Device Support, Drivers and Examples

<h2>Collection of Component include folders:</h2>
  .\RTE\_Firmware
  D:\software\keilMDK\ARM\PACK\Keil\STM32F4xx_DFP\2.9.0\Drivers\CMSIS\Device\ST\STM32F4xx\Include

<h2>Collection of Component Files used:</h2>
Build Time Elapsed:  00:00:21
</pre>
</body>
</html>
